
> wedding-site@0.1.0 build
> next build

Ôû▓ Next.js 16.1.1 (Turbopack)
- Environments: .env.local

  Creating an optimized production build ...
node.exe : 
En línea: 1 
Carácter: 1
+ & "C:\Program File
s\nodejs/node.exe" 
"C:\Program Files\no
dejs/node_mo ...
+ ~~~~~~~~~~~~~~~~~~
~~~~~~~~~~~~~~~~~~~~
~~~~~~~~~~~~~~~~~~~~
~~~~~~~~~~~
    + CategoryInfo  
            : NotS  
  pecified: (:Str   
 ing) [], Remote    
Exception
    + FullyQualifie 
   dErrorId : Nati  
  veCommandError
 
> Build error 
occurred
Error: Turbopack 
build failed with 7 
errors:
./src/app/admin/dash
board/page.tsx:1:10
Ecmascript file had 
an error
[0m[31m[1m>[22m
[39m[90m 1 |[39m 
[36mimport[39m { u
seEffect[33m,[39m 
useState } 
[36mfrom[39m [32m
"react"[39m[33m;[
39m
 [90m   |[39m     
     [31m[1m^[22m
[39m[31m[1m^[22m
[39m[31m[1m^[22m
[39m[31m[1m^[22m
[39m[31m[1m^[22m
[39m[31m[1m^[22m
[39m[31m[1m^[22m
[39m[31m[1m^[22m
[39m[31m[1m^[22m
[39m
 [90m 2 |[39m 
[36mimport[39m { 
supabase } 
[36mfrom[39m [32m
"@/lib/supabase"[39
m[33m;[39m
 [90m 3 |[39m 
[36mimport[39m { 
useRouter } 
[36mfrom[39m [32m
"next/navigation"[3
9m[33m;[39m
 [90m 4 |[39m 
[36mimport[39m [3
3mGuestTable[39m 
[36mfrom[39m [32m
"@/components/admin/
GuestTable"[39m[33
m;[39m[0m

You're importing a 
component that 
needs `useEffect`. 
This React Hook 
only works in a 
Client Component. 
To fix, mark the 
file (or its 
parent) with the 
`"use client"` 
directive.

 Learn more: https:/
/nextjs.org/docs/app
/api-reference/direc
tives/use-client




./src/app/admin/dash
board/page.tsx:3:10
Ecmascript file had 
an error
[0m [90m 1 |[39m 
[36mimport[39m { u
seEffect[33m,[39m 
useState } 
[36mfrom[39m [32m
"react"[39m[33m;[
39m
 [90m 2 |[39m 
[36mimport[39m { 
supabase } 
[36mfrom[39m [32m
"@/lib/supabase"[39
m[33m;[39m
[31m[1m>[22m[39m
[90m 3 |[39m 
[36mimport[39m { 
useRouter } 
[36mfrom[39m [32m
"next/navigation"[3
9m[33m;[39m
 [90m   |[39m     
     [31m[1m^[22m
[39m[31m[1m^[22m
[39m[31m[1m^[22m
[39m[31m[1m^[22m
[39m[31m[1m^[22m
[39m[31m[1m^[22m
[39m[31m[1m^[22m
[39m[31m[1m^[22m
[39m[31m[1m^[22m
[39m
 [90m 4 |[39m 
[36mimport[39m [3
3mGuestTable[39m 
[36mfrom[39m [32m
"@/components/admin/
GuestTable"[39m[33
m;[39m
 [90m 5 |[39m 
[36mimport[39m [3
3mPhotoModeration[3
9m [36mfrom[39m [
32m"@/components/adm
in/PhotoModeration"
[39m[33m;[39m
 [90m 6 |[39m 
[36mimport[39m { 
[33mLoader2[39m[33
m,[39m [33mLogOut
[39m[33m,[39m [33
mUsers[39m[33m,[3
9m [33mImage[39m 
[36mas[39m 
[33mImageIcon[39m 
} [36mfrom[39m [3
2m"lucide-react"[39
m[33m;[39m[0m

You're importing a 
component that 
needs `useRouter`. 
This React Hook 
only works in a 
Client Component. 
To fix, mark the 
file (or its 
parent) with the 
`"use client"` 
directive.

 Learn more: https:/
/nextjs.org/docs/app
/api-reference/direc
tives/use-client




./src/app/admin/dash
board/page.tsx:1:21
Ecmascript file had 
an error
[0m[31m[1m>[22m
[39m[90m 1 |[39m 
[36mimport[39m { u
seEffect[33m,[39m 
useState } 
[36mfrom[39m [32m
"react"[39m[33m;[
39m
 [90m   |[39m     
                [31
m[1m^[22m[39m[31
m[1m^[22m[39m[31
m[1m^[22m[39m[31
m[1m^[22m[39m[31
m[1m^[22m[39m[31
m[1m^[22m[39m[31
m[1m^[22m[39m[31
m[1m^[22m[39m
 [90m 2 |[39m 
[36mimport[39m { 
supabase } 
[36mfrom[39m [32m
"@/lib/supabase"[39
m[33m;[39m
 [90m 3 |[39m 
[36mimport[39m { 
useRouter } 
[36mfrom[39m [32m
"next/navigation"[3
9m[33m;[39m
 [90m 4 |[39m 
[36mimport[39m [3
3mGuestTable[39m 
[36mfrom[39m [32m
"@/components/admin/
GuestTable"[39m[33
m;[39m[0m

You're importing a 
component that 
needs `useState`. 
This React Hook 
only works in a 
Client Component. 
To fix, mark the 
file (or its 
parent) with the 
`"use client"` 
directive.

 Learn more: https:/
/nextjs.org/docs/app
/api-reference/direc
tives/use-client




./src/components/adm
in/PhotoModeration.t
sx:1:10
Ecmascript file had 
an error
[0m[31m[1m>[22m
[39m[90m 1 |[39m 
[36mimport[39m { u
seEffect[33m,[39m 
useState[33m,[39m 
useCallback } 
[36mfrom[39m [32m
"react"[39m[33m;[
39m
 [90m   |[39m     
     [31m[1m^[22m
[39m[31m[1m^[22m
[39m[31m[1m^[22m
[39m[31m[1m^[22m
[39m[31m[1m^[22m
[39m[31m[1m^[22m
[39m[31m[1m^[22m
[39m[31m[1m^[22m
[39m[31m[1m^[22m
[39m
 [90m 2 |[39m 
[36mimport[39m { 
supabase } 
[36mfrom[39m [32m
"@/lib/supabase"[39
m[33m;[39m
 [90m 3 |[39m 
[36mimport[39m { 
[33mCheck[39m[33m,
[39m [33mX[39m[3
3m,[39m 
[33mLoader2[39m } 
[36mfrom[39m [32m
"lucide-react"[39m
[33m;[39m
 [90m 4 |[39m 
[36mimport[39m 
styles 
[36mfrom[39m [32m
"./PhotoModeration.m
odule.css"[39m[33m
;[39m[0m

You're importing a 
component that 
needs `useEffect`. 
This React Hook 
only works in a 
Client Component. 
To fix, mark the 
file (or its 
parent) with the 
`"use client"` 
directive.

 Learn more: https:/
/nextjs.org/docs/app
/api-reference/direc
tives/use-client



Import trace:
  Server Component:
    ./src/components
/admin/PhotoModerati
on.tsx
    ./src/app/admin/
dashboard/page.tsx


./src/components/adm
in/PhotoModeration.t
sx:1:21
Ecmascript file had 
an error
[0m[31m[1m>[22m
[39m[90m 1 |[39m 
[36mimport[39m { u
seEffect[33m,[39m 
useState[33m,[39m 
useCallback } 
[36mfrom[39m [32m
"react"[39m[33m;[
39m
 [90m   |[39m     
                [31
m[1m^[22m[39m[31
m[1m^[22m[39m[31
m[1m^[22m[39m[31
m[1m^[22m[39m[31
m[1m^[22m[39m[31
m[1m^[22m[39m[31
m[1m^[22m[39m[31
m[1m^[22m[39m
 [90m 2 |[39m 
[36mimport[39m { 
supabase } 
[36mfrom[39m [32m
"@/lib/supabase"[39
m[33m;[39m
 [90m 3 |[39m 
[36mimport[39m { 
[33mCheck[39m[33m,
[39m [33mX[39m[3
3m,[39m 
[33mLoader2[39m } 
[36mfrom[39m [32m
"lucide-react"[39m
[33m;[39m
 [90m 4 |[39m 
[36mimport[39m 
styles 
[36mfrom[39m [32m
"./PhotoModeration.m
odule.css"[39m[33m
;[39m[0m

You're importing a 
component that 
needs `useState`. 
This React Hook 
only works in a 
Client Component. 
To fix, mark the 
file (or its 
parent) with the 
`"use client"` 
directive.

 Learn more: https:/
/nextjs.org/docs/app
/api-reference/direc
tives/use-client



Import trace:
  Server Component:
    ./src/components
/admin/PhotoModerati
on.tsx
    ./src/app/admin/
dashboard/page.tsx


./src/components/gal
lery/GallerySection.
tsx:1:10
Ecmascript file had 
an error
[0m[31m[1m>[22m
[39m[90m 1 |[39m 
[36mimport[39m { u
seEffect[33m,[39m 
useState[33m,[39m 
useCallback } 
[36mfrom[39m [32m
"react"[39m[33m;[
39m
 [90m   |[39m     
     [31m[1m^[22m
[39m[31m[1m^[22m
[39m[31m[1m^[22m
[39m[31m[1m^[22m
[39m[31m[1m^[22m
[39m[31m[1m^[22m
[39m[31m[1m^[22m
[39m[31m[1m^[22m
[39m[31m[1m^[22m
[39m
 [90m 2 |[39m 
[36mimport[39m { 
supabase } 
[36mfrom[39m [32m
"@/lib/supabase"[39
m[33m;[39m
 [90m 3 |[39m 
[36mimport[39m [3
3mUploadWidget[39m 
[36mfrom[39m [32m
"./UploadWidget"[39
m[33m;[39m
 [90m 4 |[39m 
[36mimport[39m 
styles 
[36mfrom[39m [32m
"./GallerySection.mo
dule.css"[39m[33m;
[39m[0m

You're importing a 
component that 
needs `useEffect`. 
This React Hook 
only works in a 
Client Component. 
To fix, mark the 
file (or its 
parent) with the 
`"use client"` 
directive.

 Learn more: https:/
/nextjs.org/docs/app
/api-reference/direc
tives/use-client



Import trace:
  Server Component:
    ./src/components
/gallery/GallerySect
ion.tsx
    
./src/app/page.tsx


./src/components/gal
lery/GallerySection.
tsx:1:21
Ecmascript file had 
an error
[0m[31m[1m>[22m
[39m[90m 1 |[39m 
[36mimport[39m { u
seEffect[33m,[39m 
useState[33m,[39m 
useCallback } 
[36mfrom[39m [32m
"react"[39m[33m;[
39m
 [90m   |[39m     
                [31
m[1m^[22m[39m[31
m[1m^[22m[39m[31
m[1m^[22m[39m[31
m[1m^[22m[39m[31
m[1m^[22m[39m[31
m[1m^[22m[39m[31
m[1m^[22m[39m[31
m[1m^[22m[39m
 [90m 2 |[39m 
[36mimport[39m { 
supabase } 
[36mfrom[39m [32m
"@/lib/supabase"[39
m[33m;[39m
 [90m 3 |[39m 
[36mimport[39m [3
3mUploadWidget[39m 
[36mfrom[39m [32m
"./UploadWidget"[39
m[33m;[39m
 [90m 4 |[39m 
[36mimport[39m 
styles 
[36mfrom[39m [32m
"./GallerySection.mo
dule.css"[39m[33m;
[39m[0m

You're importing a 
component that 
needs `useState`. 
This React Hook 
only works in a 
Client Component. 
To fix, mark the 
file (or its 
parent) with the 
`"use client"` 
directive.

 Learn more: https:/
/nextjs.org/docs/app
/api-reference/direc
tives/use-client



Import trace:
  Server Component:
    ./src/components
/gallery/GallerySect
ion.tsx
    
./src/app/page.tsx


    at <unknown> (./
src/app/admin/dashbo
ard/page.tsx:1:10)
    at <unknown> (./
src/app/admin/dashbo
ard/page.tsx:3:10)
    at <unknown> (./
src/app/admin/dashbo
ard/page.tsx:1:21)
    at <unknown> (./
src/components/admin
/PhotoModeration.tsx
:1:10)
    at <unknown> (./
src/components/admin
/PhotoModeration.tsx
:1:21)
    at <unknown> (./
src/components/galle
ry/GallerySection.ts
x:1:10)
    at <unknown> (./
src/components/galle
ry/GallerySection.ts
x:1:21)
